=== MyAvatar Project Change Log - Started 2025-07-17 08:39:31.968246 ===
Format: [TIMESTAMP] [EVENT_TYPE] [FILE_PATH] [DETAILS]

[2025-07-17 08:40:39] [MODIFIED] requirements.txt - {'reason': 'File content changed'}
[2025-07-17 08:46:50] [MODIFIED] app\routes\admin_routes.py - {'reason': 'File content changed'}
[2025-07-17 08:46:50] [MODIFIED] app\routes\admin_routes.py - {'reason': 'File content changed'}
[2025-07-17 08:47:33] [MODIFIED] app\routes\api_routes.py - {'reason': 'File content changed'}
[2025-07-17 08:47:33] [MODIFIED] app\routes\api_routes.py - {'reason': 'File content changed'}
[2025-07-17 08:47:33] [MODIFIED] app\routes\api_routes.py - {'reason': 'File content changed'}
[2025-07-17 10:15:39] [MODIFIED] working_web_routes.py - {'reason': 'File content changed'}
[2025-07-17 10:15:39] [MODIFIED] working_web_routes.py - {'reason': 'File content changed'}
[2025-07-17 10:15:39] [MODIFIED] working_web_routes.py - {'reason': 'File content changed'}
[2025-07-17 10:15:39] [MODIFIED] working_web_routes.py - {'reason': 'File content changed'}
[2025-07-17 10:18:27] [CREATED] test_admin_upload.py - {'reason': 'New file created'}
[2025-07-17 10:18:27] [CREATED] test_admin_upload.py - {'reason': 'New file created'}
[2025-07-17 10:18:27] [CREATED] test_admin_upload.py - {'reason': 'New file created'}
[2025-07-17 10:18:27] [MODIFIED] test_admin_upload.py - {'reason': 'File content changed'}
[2025-07-17 10:18:27] [MODIFIED] test_admin_upload.py - {'reason': 'File content changed'}
[2025-07-17 10:18:27] [MODIFIED] test_admin_upload.py - {'reason': 'File content changed'}
[2025-07-17 10:21:01] [MODIFIED] app\routes\admin_routes.py - {'reason': 'File content changed'}
[2025-07-17 10:21:01] [MODIFIED] app\routes\admin_routes.py - {'reason': 'File content changed'}
[2025-07-17 10:21:01] [MODIFIED] app\routes\admin_routes.py - {'reason': 'File content changed'}
[2025-07-17 10:21:18] [MODIFIED] templates\portal\admin_manage_avatars.html - {'reason': 'File content changed'}
[2025-07-17 10:21:34] [MODIFIED] templates\portal\admin_manage_avatars.html - {'reason': 'File content changed'}
[2025-07-17 10:23:01] [CREATED] create_admin.py - {'reason': 'New file created'}
[2025-07-17 10:23:01] [CREATED] create_admin.py - {'reason': 'New file created'}
[2025-07-17 10:23:01] [CREATED] create_admin.py - {'reason': 'New file created'}
[2025-07-17 10:23:01] [MODIFIED] create_admin.py - {'reason': 'File content changed'}
[2025-07-17 10:23:01] [MODIFIED] create_admin.py - {'reason': 'File content changed'}
[2025-07-17 10:23:01] [MODIFIED] create_admin.py - {'reason': 'File content changed'}
[2025-07-17 10:30:56] [MODIFIED] app\routes\admin_routes.py - {'reason': 'File content changed'}
[2025-07-17 10:30:56] [MODIFIED] app\routes\admin_routes.py - {'reason': 'File content changed'}
[2025-07-17 10:30:56] [MODIFIED] app\routes\admin_routes.py - {'reason': 'File content changed'}
[2025-07-17 10:31:10] [MODIFIED] app\routes\admin_routes.py - {'reason': 'File content changed'}
[2025-07-17 10:37:48] [MODIFIED] app\routes\admin_routes.py - {'reason': 'File content changed'}
[2025-07-17 10:37:48] [MODIFIED] app\routes\admin_routes.py - {'reason': 'File content changed'}
[2025-07-17 10:37:48] [MODIFIED] app\routes\admin_routes.py - {'reason': 'File content changed'}
[2025-07-17 10:42:31] [MODIFIED] app\routes\admin_routes.py - {'reason': 'File content changed'}
[2025-07-17 10:42:31] [MODIFIED] app\routes\admin_routes.py - {'reason': 'File content changed'}
[2025-07-17 10:43:47] [MODIFIED] app\routes\admin_routes.py - {'reason': 'File content changed'}
[2025-07-17 10:43:47] [MODIFIED] app\routes\admin_routes.py - {'reason': 'File content changed'}
[2025-07-17 10:43:47] [MODIFIED] app\routes\admin_routes.py - {'reason': 'File content changed'}
[2025-07-17 10:46:44] [MODIFIED] app\db\database.py - {'reason': 'File content changed'}
[2025-07-17 10:46:44] [MODIFIED] app\db\database.py - {'reason': 'File content changed'}
[2025-07-17 10:46:44] [MODIFIED] app\db\database.py - {'reason': 'File content changed'}
[2025-07-17 10:46:44] [MODIFIED] app\db\database.py - {'reason': 'File content changed'}
[2025-07-17 10:46:44] [MODIFIED] app\db\database.py - {'reason': 'File content changed'}
[2025-07-17 10:47:10] [MODIFIED] app\db\database.py - {'reason': 'File content changed'}
[2025-07-17 10:47:10] [MODIFIED] app\db\database.py - {'reason': 'File content changed'}
[2025-07-17 10:47:23] [MODIFIED] app\db\database.py - {'reason': 'File content changed'}
[2025-07-17 10:47:35] [MODIFIED] app\routes\admin_routes.py - {'reason': 'File content changed'}
[2025-07-17 10:47:57] [MODIFIED] app\routes\admin_routes.py - {'reason': 'File content changed'}
[2025-07-17 10:47:57] [MODIFIED] app\routes\admin_routes.py - {'reason': 'File content changed'}
[2025-07-17 10:48:06] [MODIFIED] app\routes\admin_routes.py - {'reason': 'File content changed'}
[2025-07-17 10:48:06] [MODIFIED] app\routes\admin_routes.py - {'reason': 'File content changed'}
[2025-07-17 10:53:04] [MODIFIED] app\routes\admin_routes.py - {'reason': 'File content changed'}
[2025-07-17 10:53:04] [MODIFIED] app\routes\admin_routes.py - {'reason': 'File content changed'}
[2025-07-17 10:53:04] [MODIFIED] app\routes\admin_routes.py - {'reason': 'File content changed'}
[2025-07-17 11:00:48] [MODIFIED] app\routes\admin_routes.py - {'reason': 'File content changed'}
[2025-07-17 11:00:48] [MODIFIED] app\routes\admin_routes.py - {'reason': 'File content changed'}
[2025-07-17 11:00:48] [MODIFIED] app\routes\admin_routes.py - {'reason': 'File content changed'}
[2025-07-17 11:00:48] [MODIFIED] app\routes\admin_routes.py - {'reason': 'File content changed'}
[2025-07-17 11:00:48] [MODIFIED] app\routes\admin_routes.py - {'reason': 'File content changed'}
[2025-07-17 11:10:52] [MODIFIED] app\routes\admin_routes.py - {'reason': 'File content changed'}
[2025-07-17 11:10:52] [MODIFIED] app\routes\admin_routes.py - {'reason': 'File content changed'}
[2025-07-17 11:10:52] [MODIFIED] app\routes\admin_routes.py - {'reason': 'File content changed'}
[2025-07-17 11:17:33] [MODIFIED] templates\portal\admin_manage_avatars.html - {'reason': 'File content changed'}
[2025-07-17 11:17:33] [MODIFIED] templates\portal\admin_manage_avatars.html - {'reason': 'File content changed'}
[2025-07-17 11:17:33] [MODIFIED] templates\portal\admin_manage_avatars.html - {'reason': 'File content changed'}
[2025-07-17 11:17:34] [MODIFIED] templates\portal\admin_manage_avatars.html - {'reason': 'File content changed'}
[2025-07-17 11:17:34] [MODIFIED] templates\portal\admin_manage_avatars.html - {'reason': 'File content changed'}
[2025-07-17 11:17:34] [MODIFIED] templates\portal\admin_manage_avatars.html - {'reason': 'File content changed'}
[2025-07-17 11:39:00] [MODIFIED] app\routes\admin_routes.py - {'reason': 'File content changed'}
[2025-07-17 11:39:00] [MODIFIED] app\routes\admin_routes.py - {'reason': 'File content changed'}
[2025-07-17 11:39:00] [MODIFIED] app\routes\admin_routes.py - {'reason': 'File content changed'}
[2025-07-17 11:39:02] [MODIFIED] app\routes\admin_routes.py - {'reason': 'File content changed'}
[2025-07-17 11:50:08] [MODIFIED] app\routes\admin_routes.py - {'reason': 'File content changed'}
[2025-07-17 11:50:08] [MODIFIED] app\routes\admin_routes.py - {'reason': 'File content changed'}
[2025-07-17 11:50:08] [MODIFIED] app\routes\admin_routes.py - {'reason': 'File content changed'}
[2025-07-17 11:50:09] [MODIFIED] app\routes\admin_routes.py - {'reason': 'File content changed'}
[2025-07-17 12:05:03] [MODIFIED] app\routes\admin_routes.py - {'reason': 'File content changed'}
[2025-07-17 12:05:03] [MODIFIED] app\routes\admin_routes.py - {'reason': 'File content changed'}
[2025-07-17 12:05:03] [MODIFIED] app\routes\admin_routes.py - {'reason': 'File content changed'}
[2025-07-17 12:05:04] [MODIFIED] app\routes\admin_routes.py - {'reason': 'File content changed'}
[2025-07-17 12:05:12] [MODIFIED] app\routes\admin_routes.py - {'reason': 'File content changed'}
[2025-07-17 12:05:12] [MODIFIED] app\routes\admin_routes.py - {'reason': 'File content changed'}
[2025-07-17 12:05:57] [MODIFIED] app\routes\admin_routes.py - {'reason': 'File content changed'}
[2025-07-17 12:05:57] [MODIFIED] app\routes\admin_routes.py - {'reason': 'File content changed'}
[2025-07-17 12:18:17] [MODIFIED] app\routes\admin_routes.py - {'reason': 'File content changed'}
[2025-07-17 12:18:17] [MODIFIED] app\routes\admin_routes.py - {'reason': 'File content changed'}
[2025-07-17 12:18:17] [MODIFIED] app\routes\admin_routes.py - {'reason': 'File content changed'}
[2025-07-17 12:18:19] [MODIFIED] app\routes\admin_routes.py - {'reason': 'File content changed'}
[2025-07-17 12:18:32] [MODIFIED] app\routes\admin_routes.py - {'reason': 'File content changed'}
[2025-07-17 12:18:37] [MODIFIED] app\routes\admin_routes.py - {'reason': 'File content changed'}
[2025-07-17 12:18:42] [MODIFIED] app\routes\admin_routes.py - {'reason': 'File content changed'}
[2025-07-17 12:18:42] [MODIFIED] app\routes\admin_routes.py - {'reason': 'File content changed'}
[2025-07-17 12:22:19] [MODIFIED] app\routes\admin_routes.py - {'reason': 'File content changed'}
[2025-07-17 12:22:19] [MODIFIED] app\routes\admin_routes.py - {'reason': 'File content changed'}
[2025-07-17 12:22:19] [MODIFIED] app\routes\admin_routes.py - {'reason': 'File content changed'}
[2025-07-17 12:48:38] [MODIFIED] app\routes\admin_routes.py - {'reason': 'File content changed'}
[2025-07-17 12:48:38] [MODIFIED] app\routes\admin_routes.py - {'reason': 'File content changed'}
[2025-07-17 12:48:38] [MODIFIED] app\routes\admin_routes.py - {'reason': 'File content changed'}
[2025-07-17 13:04:53] [MODIFIED] app\routes\admin_routes.py - {'reason': 'File content changed'}
[2025-07-17 13:04:53] [MODIFIED] app\routes\admin_routes.py - {'reason': 'File content changed'}
[2025-07-17 13:04:53] [MODIFIED] app\routes\admin_routes.py - {'reason': 'File content changed'}
[2025-07-17 13:04:54] [MODIFIED] app\routes\admin_routes.py - {'reason': 'File content changed'}
[2025-07-17 13:09:17] [MODIFIED] app\routes\admin_routes.py - {'reason': 'File content changed'}
[2025-07-17 13:09:17] [MODIFIED] app\routes\admin_routes.py - {'reason': 'File content changed'}
[2025-07-17 13:09:17] [MODIFIED] app\routes\admin_routes.py - {'reason': 'File content changed'}
[2025-07-17 13:09:19] [MODIFIED] app\routes\admin_routes.py - {'reason': 'File content changed'}
[2025-07-17 13:40:22] [MODIFIED] app\routes\admin_routes.py - {'reason': 'File content changed'}
[2025-07-17 13:40:22] [MODIFIED] app\routes\admin_routes.py - {'reason': 'File content changed'}
[2025-07-17 13:40:22] [MODIFIED] app\routes\admin_routes.py - {'reason': 'File content changed'}
[2025-07-17 13:40:23] [MODIFIED] app\routes\admin_routes.py - {'reason': 'File content changed'}
[2025-07-17 13:40:31] [MODIFIED] app\routes\admin_routes.py - {'reason': 'File content changed'}
[2025-07-17 13:40:33] [MODIFIED] app\routes\admin_routes.py - {'reason': 'File content changed'}
[2025-07-17 13:40:34] [MODIFIED] app\routes\admin_routes.py - {'reason': 'File content changed'}
[2025-07-17 13:40:36] [MODIFIED] app\routes\admin_routes.py - {'reason': 'File content changed'}
[2025-07-17 13:40:36] [MODIFIED] app\routes\admin_routes.py - {'reason': 'File content changed'}
[2025-07-17 15:08:21] [MODIFIED] app\routes\admin_routes.py - {'reason': 'File content changed'}
[2025-07-17 15:08:21] [MODIFIED] app\routes\admin_routes.py - {'reason': 'File content changed'}
[2025-07-17 15:08:21] [MODIFIED] app\routes\admin_routes.py - {'reason': 'File content changed'}
[2025-07-17 15:08:23] [MODIFIED] app\routes\admin_routes.py - {'reason': 'File content changed'}
[2025-07-17 15:08:27] [MODIFIED] app\routes\admin_routes.py - {'reason': 'File content changed'}
[2025-07-17 15:08:27] [MODIFIED] app\routes\admin_routes.py - {'reason': 'File content changed'}
